src/components/gallery/CommentsSection.tsx(4,52): error TS6133: 'X' is declared but its value is never read.
